// Jest Snapshot v1, https://goo.gl/fbAQLP

exports['Check if details page renders correctly 1'] = `
Object {
  "asFragment": [Function],
  "baseElement": <body>
    <div>
      <div
        class="infoCard"
      >
        <h1
          class="upDate info-head"
        >
          Live Information
        </h1>
        <table
          class="table-data"
        >
          <tr>
            <th>
              Continent:
            </th>
            <td>
              Africa
            </td>
          </tr>
          <tr>
            <th>
              Cases:
            </th>
            <td>
              16
            </td>
          </tr>
          <tr>
            <th>
              Today's Case:
            </th>
            <td>
              123
            </td>
          </tr>
          <tr>
            <th>
              Deaths:
            </th>
            <td>
              25
            </td>
          </tr>
          <tr>
            <th>
              Total Deaths:
            </th>
            <td>
              44
            </td>
          </tr>
          <tr>
            <th>
              Recovered Cases Info:
            </th>
            <td>
              23
            </td>
          </tr>
          <tr>
            <th>
              Today's Recovery Info:
            </th>
            <td>
              34
            </td>
          </tr>
          <tr>
            <th>
              Tests:
            </th>
            <td />
          </tr>
        </table>
      </div>
    </div>
  </body>,
  "container": <div>
    <div
      class="infoCard"
    >
      <h1
        class="upDate info-head"
      >
        Live Information
      </h1>
      <table
        class="table-data"
      >
        <tr>
          <th>
            Continent:
          </th>
          <td>
            Africa
          </td>
        </tr>
        <tr>
          <th>
            Cases:
          </th>
          <td>
            16
          </td>
        </tr>
        <tr>
          <th>
            Today's Case:
          </th>
          <td>
            123
          </td>
        </tr>
        <tr>
          <th>
            Deaths:
          </th>
          <td>
            25
          </td>
        </tr>
        <tr>
          <th>
            Total Deaths:
          </th>
          <td>
            44
          </td>
        </tr>
        <tr>
          <th>
            Recovered Cases Info:
          </th>
          <td>
            23
          </td>
        </tr>
        <tr>
          <th>
            Today's Recovery Info:
          </th>
          <td>
            34
          </td>
        </tr>
        <tr>
          <th>
            Tests:
          </th>
          <td />
        </tr>
      </table>
    </div>
  </div>,
  "debug": [Function],
  "findAllByAltText": [Function],
  "findAllByDisplayValue": [Function],
  "findAllByLabelText": [Function],
  "findAllByPlaceholderText": [Function],
  "findAllByRole": [Function],
  "findAllByTestId": [Function],
  "findAllByText": [Function],
  "findAllByTitle": [Function],
  "findByAltText": [Function],
  "findByDisplayValue": [Function],
  "findByLabelText": [Function],
  "findByPlaceholderText": [Function],
  "findByRole": [Function],
  "findByTestId": [Function],
  "findByText": [Function],
  "findByTitle": [Function],
  "getAllByAltText": [Function],
  "getAllByDisplayValue": [Function],
  "getAllByLabelText": [Function],
  "getAllByPlaceholderText": [Function],
  "getAllByRole": [Function],
  "getAllByTestId": [Function],
  "getAllByText": [Function],
  "getAllByTitle": [Function],
  "getByAltText": [Function],
  "getByDisplayValue": [Function],
  "getByLabelText": [Function],
  "getByPlaceholderText": [Function],
  "getByRole": [Function],
  "getByTestId": [Function],
  "getByText": [Function],
  "getByTitle": [Function],
  "queryAllByAltText": [Function],
  "queryAllByDisplayValue": [Function],
  "queryAllByLabelText": [Function],
  "queryAllByPlaceholderText": [Function],
  "queryAllByRole": [Function],
  "queryAllByTestId": [Function],
  "queryAllByText": [Function],
  "queryAllByTitle": [Function],
  "queryByAltText": [Function],
  "queryByDisplayValue": [Function],
  "queryByLabelText": [Function],
  "queryByPlaceholderText": [Function],
  "queryByRole": [Function],
  "queryByTestId": [Function],
  "queryByText": [Function],
  "queryByTitle": [Function],
  "rerender": [Function],
  "unmount": [Function],
}
`;
